[0m20:11:04  Running with dbt=1.12.3
[0m20:11:04  Registered adapter: postgres=1.11.0
[0m20:11:04  Found 18 models, 28 data tests, 5 sources, 478 macros
[0m20:11:04  
[0m20:11:04  Concurrency: 4 threads (target='dev')
[0m20:11:04  
[0m20:11:04  1 of 46 START sql table model gold.dim_date .................................... [RUN]
[0m20:11:04  4 of 46 START sql view model silver.stg_order_lines ............................ [RUN]
[0m20:11:04  3 of 46 START sql view model silver.stg_order_events ........................... [RUN]
[0m20:11:04  2 of 46 START sql view model silver.stg_customers .............................. [RUN]
[0m20:11:05  3 of 46 OK created sql view model silver.stg_order_events ...................... [[32mCREATE VIEW[0m in 0.26s]
[0m20:11:05  1 of 46 OK created sql table model gold.dim_date ............................... [[32mSELECT 365[0m in 0.27s]
[0m20:11:05  4 of 46 OK created sql view model silver.stg_order_lines ....................... [[32mCREATE VIEW[0m in 0.27s]
[0m20:11:05  2 of 46 OK created sql view model silver.stg_customers ......................... [[32mCREATE VIEW[0m in 0.27s]
[0m20:11:05  5 of 46 START sql view model silver.stg_products ............................... [RUN]
[0m20:11:05  6 of 46 START sql table model silver.order_status_history ...................... [RUN]
[0m20:11:05  7 of 46 START sql table model quarantine.order_events .......................... [RUN]
[0m20:11:05  8 of 46 START sql table model silver.order_lines ............................... [RUN]
[0m20:11:05  5 of 46 OK created sql view model silver.stg_products .......................... [[32mCREATE VIEW[0m in 0.07s]
[0m20:11:05  9 of 46 START sql table model quarantine.order_lines ........................... [RUN]
[0m20:11:05  7 of 46 OK created sql table model quarantine.order_events ..................... [[32mSELECT 1[0m in 0.13s]
[0m20:11:05  10 of 46 START test not_null_dim_date_date_key ................................. [RUN]
[0m20:11:05  6 of 46 OK created sql table model silver.order_status_history ................. [[32mSELECT 20027[0m in 0.16s]
[0m20:11:05  11 of 46 START test unique_dim_date_date_key ................................... [RUN]
[0m20:11:05  10 of 46 PASS not_null_dim_date_date_key ....................................... [[32mPASS[0m in 0.08s]
[0m20:11:05  12 of 46 START sql table model silver.customers ................................ [RUN]
[0m20:11:05  8 of 46 OK created sql table model silver.order_lines .......................... [[32mSELECT 10693[0m in 0.23s]
[0m20:11:05  11 of 46 PASS unique_dim_date_date_key ......................................... [[32mPASS[0m in 0.05s]
[0m20:11:05  13 of 46 START sql table model quarantine.customers ............................ [RUN]
[0m20:11:05  14 of 46 START sql table model silver.products ................................. [RUN]
[0m20:11:05  12 of 46 OK created sql table model silver.customers ........................... [[32mSELECT 1614[0m in 0.10s]
[0m20:11:05  15 of 46 START sql table model quarantine.products ............................. [RUN]
[0m20:11:05  14 of 46 OK created sql table model silver.products ............................ [[32mSELECT 148[0m in 0.10s]
[0m20:11:05  13 of 46 OK created sql table model quarantine.customers ....................... [[32mSELECT 1[0m in 0.11s]
[0m20:11:05  16 of 46 START test not_null_order_status_history_event_id ..................... [RUN]
[0m20:11:05  17 of 46 START test not_null_order_status_history_order_id ..................... [RUN]
[0m20:11:05  9 of 46 OK created sql table model quarantine.order_lines ...................... [[32mSELECT 10055[0m in 0.32s]
[0m20:11:05  18 of 46 START test unique_order_status_history_event_id ....................... [RUN]
[0m20:11:05  16 of 46 PASS not_null_order_status_history_event_id ........................... [[32mPASS[0m in 0.06s]
[0m20:11:05  17 of 46 PASS not_null_order_status_history_order_id ........................... [[32mPASS[0m in 0.06s]
[0m20:11:05  19 of 46 START test accepted_values_order_lines_currency__AZN__USD__EUR__TRY ... [RUN]
[0m20:11:05  20 of 46 START test assert_order_lines_unique_grain ............................ [RUN]
[0m20:11:05  15 of 46 OK created sql table model quarantine.products ........................ [[32mSELECT 3[0m in 0.12s]
[0m20:11:05  21 of 46 START test not_null_order_lines_customer_id ........................... [RUN]
[0m20:11:05  18 of 46 PASS unique_order_status_history_event_id ............................. [[32mPASS[0m in 0.09s]
[0m20:11:05  22 of 46 START test not_null_order_lines_line_number ........................... [RUN]
[0m20:11:05  21 of 46 PASS not_null_order_lines_customer_id ................................. [[32mPASS[0m in 0.05s]
[0m20:11:05  20 of 46 PASS assert_order_lines_unique_grain .................................. [[32mPASS[0m in 0.07s]
[0m20:11:05  23 of 46 START test not_null_order_lines_order_id .............................. [RUN]
[0m20:11:05  24 of 46 START test not_null_order_lines_product_id ............................ [RUN]
[0m20:11:05  19 of 46 PASS accepted_values_order_lines_currency__AZN__USD__EUR__TRY ......... [[32mPASS[0m in 0.10s]
[0m20:11:05  25 of 46 START test not_null_customers_customer_id ............................. [RUN]
[0m20:11:05  22 of 46 PASS not_null_order_lines_line_number ................................. [[32mPASS[0m in 0.06s]
[0m20:11:05  26 of 46 START test not_null_customers_snapshot_date ........................... [RUN]
[0m20:11:05  23 of 46 PASS not_null_order_lines_order_id .................................... [[32mPASS[0m in 0.06s]
[0m20:11:05  24 of 46 PASS not_null_order_lines_product_id .................................. [[32mPASS[0m in 0.07s]
[0m20:11:05  27 of 46 START test accepted_values_products_currency__AZN__USD__EUR__TRY ...... [RUN]
[0m20:11:05  28 of 46 START test not_null_products_product_id ............................... [RUN]
[0m20:11:05  25 of 46 PASS not_null_customers_customer_id ................................... [[32mPASS[0m in 0.05s]
[0m20:11:05  29 of 46 START test unique_products_product_id ................................. [RUN]
[0m20:11:05  26 of 46 PASS not_null_customers_snapshot_date ................................. [[32mPASS[0m in 0.06s]
[0m20:11:05  30 of 46 START sql table model gold.fct_order_status_events .................... [RUN]
[0m20:11:05  27 of 46 PASS accepted_values_products_currency__AZN__USD__EUR__TRY ............ [[32mPASS[0m in 0.07s]
[0m20:11:05  31 of 46 START sql table model silver.order_status_reconciliation .............. [RUN]
[0m20:11:05  29 of 46 PASS unique_products_product_id ....................................... [[32mPASS[0m in 0.05s]
[0m20:11:05  28 of 46 PASS not_null_products_product_id ..................................... [[32mPASS[0m in 0.08s]
[0m20:11:05  32 of 46 START sql table model gold.dim_customer ............................... [RUN]
[0m20:11:05  33 of 46 START sql table model gold.dim_product ................................ [RUN]
[0m20:11:06  30 of 46 OK created sql table model gold.fct_order_status_events ............... [[32mSELECT 20027[0m in 0.11s]
[0m20:11:06  34 of 46 START test not_null_fct_order_status_events_event_id .................. [RUN]
[0m20:11:06  33 of 46 OK created sql table model gold.dim_product ........................... [[32mSELECT 148[0m in 0.11s]
[0m20:11:06  32 of 46 OK created sql table model gold.dim_customer .......................... [[32mSELECT 844[0m in 0.12s]
[0m20:11:06  35 of 46 START test unique_fct_order_status_events_event_id .................... [RUN]
[0m20:11:06  36 of 46 START test not_null_dim_customer_customer_id .......................... [RUN]
[0m20:11:06  34 of 46 PASS not_null_fct_order_status_events_event_id ........................ [[32mPASS[0m in 0.05s]
[0m20:11:06  37 of 46 START test not_null_dim_customer_customer_key ......................... [RUN]
[0m20:11:06  35 of 46 PASS unique_fct_order_status_events_event_id .......................... [[32mPASS[0m in 0.08s]
[0m20:11:06  31 of 46 OK created sql table model silver.order_status_reconciliation ......... [[32mSELECT 5200[0m in 0.22s]
[0m20:11:06  36 of 46 PASS not_null_dim_customer_customer_id ................................ [[32mPASS[0m in 0.08s]
[0m20:11:06  37 of 46 PASS not_null_dim_customer_customer_key ............................... [[32mPASS[0m in 0.06s]
[0m20:11:06  39 of 46 START test unique_dim_customer_customer_key ........................... [RUN]
[0m20:11:06  38 of 46 START test not_null_dim_product_product_id ............................ [RUN]
[0m20:11:06  40 of 46 START test unique_dim_product_product_id .............................. [RUN]
[0m20:11:06  39 of 46 PASS unique_dim_customer_customer_key ................................. [[32mPASS[0m in 0.05s]
[0m20:11:06  40 of 46 PASS unique_dim_product_product_id .................................... [[32mPASS[0m in 0.05s]
[0m20:11:06  41 of 46 START sql table model gold.fct_order_lines ............................ [RUN]
[0m20:11:06  38 of 46 PASS not_null_dim_product_product_id .................................. [[32mPASS[0m in 0.06s]
[0m20:11:07  41 of 46 OK created sql table model gold.fct_order_lines ....................... [[32mSELECT 10693[0m in 0.80s]
[0m20:11:07  42 of 46 START test assert_fct_order_lines_grain_reconciliation ................ [RUN]
[0m20:11:07  45 of 46 START test not_null_fct_order_lines_line_number ....................... [RUN]
[0m20:11:07  43 of 46 START test assert_fct_order_lines_revenue_reconciled .................. [RUN]
[0m20:11:07  44 of 46 START test not_null_fct_order_lines_gross_amount_azn .................. [RUN]
[0m20:11:07  44 of 46 PASS not_null_fct_order_lines_gross_amount_azn ........................ [[32mPASS[0m in 0.06s]
[0m20:11:07  43 of 46 PASS assert_fct_order_lines_revenue_reconciled ........................ [[32mPASS[0m in 0.07s]
[0m20:11:07  46 of 46 START test not_null_fct_order_lines_order_id .......................... [RUN]
[0m20:11:07  42 of 46 PASS assert_fct_order_lines_grain_reconciliation ...................... [[32mPASS[0m in 0.07s]
[0m20:11:07  45 of 46 PASS not_null_fct_order_lines_line_number ............................. [[32mPASS[0m in 0.07s]
[0m20:11:07  46 of 46 PASS not_null_fct_order_lines_order_id ................................ [[32mPASS[0m in 0.03s]
[0m20:11:07  
[0m20:11:07  Finished running 14 table models, 28 data tests, 4 view models in 0 hours 0 minutes and 2.32 seconds (2.32s).
[0m20:11:07  
[0m20:11:07  [32mCompleted successfully[0m
[0m20:11:07  
[0m20:11:07  Done. PASS=46 WARN=0 ERROR=0 SKIP=0 NO-OP=0 REUSED=0 TOTAL=46
